// Jest Snapshot v1, https://goo.gl/fbAQLP

exports[`ResultTable snapshots 1`] = `
<table
  className="table-striped table-bordered table"
>
  <thead>
    <tr>
      <th>
        Name
      </th>
      <th>
        Firmness
      </th>
      <th>
        Animal
      </th>
      <th>
        Favorite
      </th>
    </tr>
  </thead>
  <tbody>
    <tr>
      <td>
        brie
      </td>
      <td>
        soft
      </td>
      <td>
        cow
      </td>
      <td>
        <input
          type="checkbox"
        />
      </td>
    </tr>
  </tbody>
</table>
`;
